[
    {
        "name": "Nova godina",
        "date": "2024-01-01"
    },
    {
        "name": "Bogojavljanje ili Sveta tri kralja",
        "date": "2024-01-06"
    },
    {
        "name": "Uskrs",
        "date": "2024-03-31"
    },
    {
        "name": "Uskrsni ponedjeljak",
        "date": "2024-04-01"
    },
    {
        "name": "Praznik rada",
        "date": "2024-05-01"
    },
    {
        "name": "Tijelovo",
        "date": "2024-05-30"
    },
    {
        "name": "Dan dr\u017eavnosti",
        "date": "2024-05-30"
    },
    {
        "name": "Dan antifa\u0161isti\u010dke borbe",
        "date": "2024-06-22"
    },
    {
        "name": "Dan pobjede i domovinske zahvalnosti, Dan hrvatskih branitelja",
        "date": "2024-08-05"
    },
    {
        "name": "Velika Gospa",
        "date": "2024-08-15"
    },
    {
        "name": "Svi sveti",
        "date": "2024-11-01"
    },
    {
        "name": "Dan sje\u0107anja na \u017ertve Domovinskog rata i Dan sje\u0107anja na \u017ertvu Vukovara i \u0160kabrnje",
        "date": "2024-11-18"
    },
    {
        "name": "Bo\u017ei\u0107",
        "date": "2024-12-25"
    },
    {
        "name": "Sveti Stjepan",
        "date": "2024-12-26"
    }
]